1. Not Valid CIDR Blocks
 - 10.0.22.0/20 not a valid Ipv4 CIDR Block
 - 10.0.11.0/20 not a valid Ipv4 CIDR Block
 - 10.0.1.0/20 not a valid Ipv4 CIDR Block
 - 10.0.2.0/20 not a valid Ipv4 CIDR Block
